[INFO] Scanning for projects...
[WARNING] 
[WARNING] Some problems were encountered while building the effective model for com.positivity:pos-inventory:jar:0.1.0-SNAPSHOT
[WARNING] 'dependencies.dependency.(groupId:artifactId:type:classifier)' must be unique: org.springframework.boot:spring-boot-starter-validation:jar -> duplicate declaration of version (?) @ line 127, column 21
[WARNING] 
[WARNING] It is highly recommended to fix these problems because they threaten the stability of your build.
[WARNING] 
[WARNING] For this reason, future Maven versions might no longer support building such malformed projects.
[WARNING] 
[INFO] ------------------------------------------------------------------------
[INFO] Reactor Build Order:
[INFO] 
[INFO] positivity                                                         [pom]
[INFO] pos-shared-dtos                                                    [jar]
[INFO] pos-security-common                                                [jar]
[INFO] pos-events                                                         [jar]
[INFO] pos-bulk-ingest-lib                                                [jar]
[INFO] pos-inventory                                                      [jar]
[INFO] 
[INFO] ---------------------< com.positivity:positivity >----------------------
[INFO] Building positivity 0.1.0-SNAPSHOT                                 [1/6]
[INFO]   from pom.xml
[INFO] --------------------------------[ pom ]---------------------------------
[INFO] 
[INFO] --- enforcer:3.4.1:enforce (enforce-java) @ positivity ---
[INFO] Rule 0: org.apache.maven.enforcer.rules.version.RequireJavaVersion passed
[INFO] 
[INFO] --- jacoco:0.8.14:prepare-agent (prepare-agent) @ positivity ---
[INFO] argLine set to -javaagent:/home/louis-burroughs/.m2/repository/org/jacoco/org.jacoco.agent/0.8.14/org.jacoco.agent-0.8.14-runtime.jar=destfile=/home/louis-burroughs/IdeaProjects/durion-positivity-backend/target/jacoco.exec
[INFO] 
[INFO] -------------------< com.positivity:pos-shared-dtos >-------------------
[INFO] Building pos-shared-dtos 0.1.0-SNAPSHOT                            [2/6]
[INFO]   from pos-shared-dtos/pom.xml
[INFO] --------------------------------[ jar ]---------------------------------
[INFO] 
[INFO] --- enforcer:3.4.1:enforce (enforce-java) @ pos-shared-dtos ---
[INFO] 
[INFO] --- jacoco:0.8.14:prepare-agent (prepare-agent) @ pos-shared-dtos ---
[INFO] argLine set to -javaagent:/home/louis-burroughs/.m2/repository/org/jacoco/org.jacoco.agent/0.8.14/org.jacoco.agent-0.8.14-runtime.jar=destfile=/home/louis-burroughs/IdeaProjects/durion-positivity-backend/pos-shared-dtos/target/jacoco.exec
[INFO] 
[INFO] --- resources:3.3.1:resources (default-resources) @ pos-shared-dtos ---
[INFO] skip non existing resourceDirectory /home/louis-burroughs/IdeaProjects/durion-positivity-backend/pos-shared-dtos/src/main/resources
[INFO] skip non existing resourceDirectory /home/louis-burroughs/IdeaProjects/durion-positivity-backend/pos-shared-dtos/src/main/resources
[INFO] 
[INFO] --- compiler:3.13.0:compile (default-compile) @ pos-shared-dtos ---
[INFO] Nothing to compile - all classes are up to date.
[INFO] 
[INFO] -----------------< com.positivity:pos-security-common >-----------------
[INFO] Building pos-security-common 0.1.0-SNAPSHOT                        [3/6]
[INFO]   from pos-security-common/pom.xml
[INFO] --------------------------------[ jar ]---------------------------------
[INFO] 
[INFO] --- enforcer:3.4.1:enforce (enforce-java) @ pos-security-common ---
[INFO] 
[INFO] --- jacoco:0.8.14:prepare-agent (prepare-agent) @ pos-security-common ---
[INFO] argLine set to -javaagent:/home/louis-burroughs/.m2/repository/org/jacoco/org.jacoco.agent/0.8.14/org.jacoco.agent-0.8.14-runtime.jar=destfile=/home/louis-burroughs/IdeaProjects/durion-positivity-backend/pos-security-common/target/jacoco.exec
[INFO] 
[INFO] --- resources:3.3.1:resources (default-resources) @ pos-security-common ---
[INFO] skip non existing resourceDirectory /home/louis-burroughs/IdeaProjects/durion-positivity-backend/pos-security-common/src/main/resources
[INFO] skip non existing resourceDirectory /home/louis-burroughs/IdeaProjects/durion-positivity-backend/pos-security-common/src/main/resources
[INFO] 
[INFO] --- compiler:3.13.0:compile (default-compile) @ pos-security-common ---
[INFO] Nothing to compile - all classes are up to date.
[INFO] 
[INFO] ---------------------< com.positivity:pos-events >----------------------
[INFO] Building pos-events 0.1.0-SNAPSHOT                                 [4/6]
[INFO]   from pos-events/pom.xml
[INFO] --------------------------------[ jar ]---------------------------------
[INFO] 
[INFO] --- enforcer:3.4.1:enforce (enforce-java) @ pos-events ---
[INFO] 
[INFO] --- jacoco:0.8.14:prepare-agent (prepare-agent) @ pos-events ---
[INFO] argLine set to -javaagent:/home/louis-burroughs/.m2/repository/org/jacoco/org.jacoco.agent/0.8.14/org.jacoco.agent-0.8.14-runtime.jar=destfile=/home/louis-burroughs/IdeaProjects/durion-positivity-backend/pos-events/target/jacoco.exec
[INFO] 
[INFO] --- resources:3.3.1:resources (default-resources) @ pos-events ---
[INFO] Copying 4 resources from src/main/resources to target/classes
[INFO] Copying 1 resource from src/main/resources to target/classes
[INFO] 
[INFO] --- compiler:3.13.0:compile (default-compile) @ pos-events ---
[INFO] Nothing to compile - all classes are up to date.
[INFO] 
[INFO] -----------------< com.positivity:pos-bulk-ingest-lib >-----------------
[INFO] Building pos-bulk-ingest-lib 0.1.0-SNAPSHOT                        [5/6]
[INFO]   from pos-bulk-ingest-lib/pom.xml
[INFO] --------------------------------[ jar ]---------------------------------
[INFO] 
[INFO] --- enforcer:3.4.1:enforce (enforce-java) @ pos-bulk-ingest-lib ---
[INFO] 
[INFO] --- jacoco:0.8.14:prepare-agent (prepare-agent) @ pos-bulk-ingest-lib ---
[INFO] argLine set to -javaagent:/home/louis-burroughs/.m2/repository/org/jacoco/org.jacoco.agent/0.8.14/org.jacoco.agent-0.8.14-runtime.jar=destfile=/home/louis-burroughs/IdeaProjects/durion-positivity-backend/pos-bulk-ingest-lib/target/jacoco.exec
[INFO] 
[INFO] --- resources:3.3.1:resources (default-resources) @ pos-bulk-ingest-lib ---
[INFO] skip non existing resourceDirectory /home/louis-burroughs/IdeaProjects/durion-positivity-backend/pos-bulk-ingest-lib/src/main/resources
[INFO] skip non existing resourceDirectory /home/louis-burroughs/IdeaProjects/durion-positivity-backend/pos-bulk-ingest-lib/src/main/resources
[INFO] 
[INFO] --- compiler:3.11.0:compile (default-compile) @ pos-bulk-ingest-lib ---
[INFO] Nothing to compile - all classes are up to date
[INFO] 
[INFO] --------------------< com.positivity:pos-inventory >--------------------
[INFO] Building pos-inventory 0.1.0-SNAPSHOT                              [6/6]
[INFO]   from pos-inventory/pom.xml
[INFO] --------------------------------[ jar ]---------------------------------
[INFO] 
[INFO] --- enforcer:3.4.1:enforce (enforce-java) @ pos-inventory ---
[INFO] Rule 0: org.apache.maven.enforcer.rules.version.RequireJavaVersion passed
[INFO] 
[INFO] --- jacoco:0.8.14:prepare-agent (prepare-agent) @ pos-inventory ---
[INFO] argLine set to -javaagent:/home/louis-burroughs/.m2/repository/org/jacoco/org.jacoco.agent/0.8.14/org.jacoco.agent-0.8.14-runtime.jar=destfile=/home/louis-burroughs/IdeaProjects/durion-positivity-backend/pos-inventory/target/jacoco.exec
[INFO] 
[INFO] --- resources:3.3.1:resources (default-resources) @ pos-inventory ---
[INFO] Copying 4 resources from src/main/resources to target/classes
[INFO] Copying 21 resources from src/main/resources to target/classes
[INFO] 
[INFO] --- compiler:3.13.0:compile (default-compile) @ pos-inventory ---
[INFO] Recompiling the module because of changed source code.
[INFO] Compiling 295 source files with javac [debug parameters release 25] to target/classes
