nohup: ignoring input
[INFO] Scanning for projects...
[WARNING] 
[WARNING] Some problems were encountered while building the effective model for com.positivity:pos-inventory:jar:0.1.0-SNAPSHOT
[WARNING] 'dependencies.dependency.(groupId:artifactId:type:classifier)' must be unique: org.springframework.boot:spring-boot-starter-validation:jar -> duplicate declaration of version (?) @ line 127, column 21
[WARNING] 
[WARNING] It is highly recommended to fix these problems because they threaten the stability of your build.
[WARNING] 
[WARNING] For this reason, future Maven versions might no longer support building such malformed projects.
[WARNING] 
[INFO] ------------------------------------------------------------------------
[INFO] Reactor Build Order:
[INFO] 
[INFO] positivity                                                         [pom]
[INFO] pos-shared-dtos                                                    [jar]
[INFO] pos-security-common                                                [jar]
[INFO] pos-events                                                         [jar]
[INFO] pos-order                                                          [jar]
[INFO] 
[INFO] ---------------------< com.positivity:positivity >----------------------
[INFO] Building positivity 0.1.0-SNAPSHOT                                 [1/5]
[INFO]   from pom.xml
[INFO] --------------------------------[ pom ]---------------------------------
[INFO] 
[INFO] --- enforcer:3.4.1:enforce (enforce-java) @ positivity ---
[INFO] Rule 0: org.apache.maven.enforcer.rules.version.RequireJavaVersion passed
[INFO] 
[INFO] --- jacoco:0.8.14:prepare-agent (prepare-agent) @ positivity ---
[INFO] argLine set to -javaagent:/home/louis-burroughs/.m2/repository/org/jacoco/org.jacoco.agent/0.8.14/org.jacoco.agent-0.8.14-runtime.jar=destfile=/home/louis-burroughs/IdeaProjects/durion-positivity-backend/target/jacoco.exec
[INFO] 
[INFO] -------------------< com.positivity:pos-shared-dtos >-------------------
[INFO] Building pos-shared-dtos 0.1.0-SNAPSHOT                            [2/5]
[INFO]   from pos-shared-dtos/pom.xml
[INFO] --------------------------------[ jar ]---------------------------------
[INFO] 
[INFO] --- enforcer:3.4.1:enforce (enforce-java) @ pos-shared-dtos ---
[INFO] 
[INFO] --- jacoco:0.8.14:prepare-agent (prepare-agent) @ pos-shared-dtos ---
[INFO] argLine set to -javaagent:/home/louis-burroughs/.m2/repository/org/jacoco/org.jacoco.agent/0.8.14/org.jacoco.agent-0.8.14-runtime.jar=destfile=/home/louis-burroughs/IdeaProjects/durion-positivity-backend/pos-shared-dtos/target/jacoco.exec
[INFO] 
[INFO] --- resources:3.3.1:resources (default-resources) @ pos-shared-dtos ---
[INFO] skip non existing resourceDirectory /home/louis-burroughs/IdeaProjects/durion-positivity-backend/pos-shared-dtos/src/main/resources
[INFO] skip non existing resourceDirectory /home/louis-burroughs/IdeaProjects/durion-positivity-backend/pos-shared-dtos/src/main/resources
[INFO] 
[INFO] --- compiler:3.13.0:compile (default-compile) @ pos-shared-dtos ---
[INFO] Nothing to compile - all classes are up to date.
[INFO] 
[INFO] -----------------< com.positivity:pos-security-common >-----------------
[INFO] Building pos-security-common 0.1.0-SNAPSHOT                        [3/5]
[INFO]   from pos-security-common/pom.xml
[INFO] --------------------------------[ jar ]---------------------------------
[INFO] 
[INFO] --- enforcer:3.4.1:enforce (enforce-java) @ pos-security-common ---
[INFO] 
[INFO] --- jacoco:0.8.14:prepare-agent (prepare-agent) @ pos-security-common ---
[INFO] argLine set to -javaagent:/home/louis-burroughs/.m2/repository/org/jacoco/org.jacoco.agent/0.8.14/org.jacoco.agent-0.8.14-runtime.jar=destfile=/home/louis-burroughs/IdeaProjects/durion-positivity-backend/pos-security-common/target/jacoco.exec
[INFO] 
[INFO] --- resources:3.3.1:resources (default-resources) @ pos-security-common ---
[INFO] skip non existing resourceDirectory /home/louis-burroughs/IdeaProjects/durion-positivity-backend/pos-security-common/src/main/resources
[INFO] skip non existing resourceDirectory /home/louis-burroughs/IdeaProjects/durion-positivity-backend/pos-security-common/src/main/resources
[INFO] 
[INFO] --- compiler:3.13.0:compile (default-compile) @ pos-security-common ---
[INFO] Nothing to compile - all classes are up to date.
[INFO] 
[INFO] ---------------------< com.positivity:pos-events >----------------------
[INFO] Building pos-events 0.1.0-SNAPSHOT                                 [4/5]
[INFO]   from pos-events/pom.xml
[INFO] --------------------------------[ jar ]---------------------------------
[INFO] 
[INFO] --- enforcer:3.4.1:enforce (enforce-java) @ pos-events ---
[INFO] 
[INFO] --- jacoco:0.8.14:prepare-agent (prepare-agent) @ pos-events ---
[INFO] argLine set to -javaagent:/home/louis-burroughs/.m2/repository/org/jacoco/org.jacoco.agent/0.8.14/org.jacoco.agent-0.8.14-runtime.jar=destfile=/home/louis-burroughs/IdeaProjects/durion-positivity-backend/pos-events/target/jacoco.exec
[INFO] 
[INFO] --- resources:3.3.1:resources (default-resources) @ pos-events ---
[INFO] Copying 4 resources from src/main/resources to target/classes
[INFO] Copying 1 resource from src/main/resources to target/classes
[INFO] 
[INFO] --- compiler:3.13.0:compile (default-compile) @ pos-events ---
[INFO] Nothing to compile - all classes are up to date.
[INFO] 
[INFO] ----------------------< com.positivity:pos-order >----------------------
[INFO] Building pos-order 0.1.0-SNAPSHOT                                  [5/5]
[INFO]   from pos-order/pom.xml
[INFO] --------------------------------[ jar ]---------------------------------
[INFO] 
[INFO] --- enforcer:3.4.1:enforce (enforce-java) @ pos-order ---
[INFO] Rule 0: org.apache.maven.enforcer.rules.version.RequireJavaVersion passed
[INFO] 
[INFO] --- jacoco:0.8.14:prepare-agent (prepare-agent) @ pos-order ---
[INFO] argLine set to -javaagent:/home/louis-burroughs/.m2/repository/org/jacoco/org.jacoco.agent/0.8.14/org.jacoco.agent-0.8.14-runtime.jar=destfile=/home/louis-burroughs/IdeaProjects/durion-positivity-backend/pos-order/target/jacoco.exec
[INFO] 
[INFO] --- resources:3.3.1:resources (default-resources) @ pos-order ---
[INFO] Copying 4 resources from src/main/resources to target/classes
[INFO] Copying 3 resources from src/main/resources to target/classes
[INFO] 
[INFO] --- compiler:3.13.0:compile (default-compile) @ pos-order ---
[INFO] Recompiling the module because of changed source code.
[INFO] Compiling 82 source files with javac [debug parameters release 25] to target/classes
WARNING: A terminally deprecated method in sun.misc.Unsafe has been called
WARNING: sun.misc.Unsafe::objectFieldOffset has been called by lombok.permit.Permit
WARNING: Please consider reporting this to the maintainers of class lombok.permit.Permit
WARNING: sun.misc.Unsafe::objectFieldOffset will be removed in a future release
[INFO] ------------------------------------------------------------------------
[INFO] Reactor Summary for positivity 0.1.0-SNAPSHOT:
[INFO] 
[INFO] positivity ......................................... SUCCESS [  1.468 s]
[INFO] pos-shared-dtos .................................... SUCCESS [  1.062 s]
[INFO] pos-security-common ................................ SUCCESS [  0.921 s]
[INFO] pos-events ......................................... SUCCESS [  0.259 s]
[INFO] pos-order .......................................... SUCCESS [ 12.790 s]
[INFO] ------------------------------------------------------------------------
[INFO] BUILD SUCCESS
[INFO] ------------------------------------------------------------------------
[INFO] Total time:  18.775 s
[INFO] Finished at: 2026-04-23T06:19:55-04:00
[INFO] ------------------------------------------------------------------------
